// Jest Snapshot v1, https://goo.gl/fbAQLP

exports[`Login should correctly match the snapshot 1`] = `
ShallowWrapper {
  Symbol(enzyme.__root__): [Circular],
  Symbol(enzyme.__unrendered__): <Login />,
  Symbol(enzyme.__renderer__): Object {
    "batchedUpdates": [Function],
    "checkPropTypes": [Function],
    "getNode": [Function],
    "render": [Function],
    "simulateError": [Function],
    "simulateEvent": [Function],
    "unmount": [Function],
  },
  Symbol(enzyme.__node__): Object {
    "instance": null,
    "key": undefined,
    "nodeType": "host",
    "props": Object {
      "children": Array [
        <label>
          email:
          <input
            name="email"
            onChange={[Function]}
            type="text"
            value=""
          />
        </label>,
        <label>
          Password:
          <input
            name="password"
            onChange={[Function]}
            type="text"
            value=""
          />
        </label>,
        <button>
          Sign In
        </button>,
      ],
      "className": "sign-in-form",
    },
    "ref": null,
    "rendered": Array [
      Object {
        "instance": null,
        "key": undefined,
        "nodeType": "host",
        "props": Object {
          "children": Array [
            "email:",
            <input
              name="email"
              onChange={[Function]}
              type="text"
              value=""
            />,
          ],
        },
        "ref": null,
        "rendered": Array [
          "email:",
          Object {
            "instance": null,
            "key": undefined,
            "nodeType": "host",
            "props": Object {
              "name": "email",
              "onChange": [Function],
              "type": "text",
              "value": "",
            },
            "ref": null,
            "rendered": null,
            "type": "input",
          },
        ],
        "type": "label",
      },
      Object {
        "instance": null,
        "key": undefined,
        "nodeType": "host",
        "props": Object {
          "children": Array [
            "Password:",
            <input
              name="password"
              onChange={[Function]}
              type="text"
              value=""
            />,
          ],
        },
        "ref": null,
        "rendered": Array [
          "Password:",
          Object {
            "instance": null,
            "key": undefined,
            "nodeType": "host",
            "props": Object {
              "name": "password",
              "onChange": [Function],
              "type": "text",
              "value": "",
            },
            "ref": null,
            "rendered": null,
            "type": "input",
          },
        ],
        "type": "label",
      },
      Object {
        "instance": null,
        "key": undefined,
        "nodeType": "host",
        "props": Object {
          "children": "Sign In",
        },
        "ref": null,
        "rendered": "Sign In",
        "type": "button",
      },
    ],
    "type": "form",
  },
  Symbol(enzyme.__nodes__): Array [
    Object {
      "instance": null,
      "key": undefined,
      "nodeType": "host",
      "props": Object {
        "children": Array [
          <label>
            email:
            <input
              name="email"
              onChange={[Function]}
              type="text"
              value=""
            />
          </label>,
          <label>
            Password:
            <input
              name="password"
              onChange={[Function]}
              type="text"
              value=""
            />
          </label>,
          <button>
            Sign In
          </button>,
        ],
        "className": "sign-in-form",
      },
      "ref": null,
      "rendered": Array [
        Object {
          "instance": null,
          "key": undefined,
          "nodeType": "host",
          "props": Object {
            "children": Array [
              "email:",
              <input
                name="email"
                onChange={[Function]}
                type="text"
                value=""
              />,
            ],
          },
          "ref": null,
          "rendered": Array [
            "email:",
            Object {
              "instance": null,
              "key": undefined,
              "nodeType": "host",
              "props": Object {
                "name": "email",
                "onChange": [Function],
                "type": "text",
                "value": "",
              },
              "ref": null,
              "rendered": null,
              "type": "input",
            },
          ],
          "type": "label",
        },
        Object {
          "instance": null,
          "key": undefined,
          "nodeType": "host",
          "props": Object {
            "children": Array [
              "Password:",
              <input
                name="password"
                onChange={[Function]}
                type="text"
                value=""
              />,
            ],
          },
          "ref": null,
          "rendered": Array [
            "Password:",
            Object {
              "instance": null,
              "key": undefined,
              "nodeType": "host",
              "props": Object {
                "name": "password",
                "onChange": [Function],
                "type": "text",
                "value": "",
              },
              "ref": null,
              "rendered": null,
              "type": "input",
            },
          ],
          "type": "label",
        },
        Object {
          "instance": null,
          "key": undefined,
          "nodeType": "host",
          "props": Object {
            "children": "Sign In",
          },
          "ref": null,
          "rendered": "Sign In",
          "type": "button",
        },
      ],
      "type": "form",
    },
  ],
  Symbol(enzyme.__options__): Object {
    "adapter": ReactSixteenAdapter {
      "options": Object {
        "enableComponentDidUpdateOnSetState": true,
        "legacyContextMode": "parent",
        "lifecycles": Object {
          "componentDidUpdate": Object {
            "onSetState": true,
          },
          "getChildContext": Object {
            "calledByRenderer": false,
          },
          "getDerivedStateFromProps": Object {
            "hasShouldComponentUpdateBug": false,
          },
          "getSnapshotBeforeUpdate": true,
          "setState": Object {
            "skipsComponentDidUpdateOnNullish": true,
          },
        },
      },
    },
  },
  Symbol(enzyme.__childContext__): null,
}
`;
